// TUI Test Snapshot v1

exports[`chat-list-selection: j key moves selection to Design Sync | 1`] = String.raw`
╭────────────────────────────────────────────────────────────────────────────────────────────────────╮
│╭──────────────────────────────────────────────────────────────────────────────────────────────────╮│
││  teaminal · You (example.com) · presence ● ? · graph ● online · 3 chats                          ││
│╰──────────────────────────────────────────────────────────────────────────────────────────────────╯│
│╭──────────────────────────╮╭──────────────────────────────────────────────────────────────────────╮│
││ ◯ Ada Byron              ││Select a chat or channel · Enter to open · q to quit                  ││
││  Design Sync            ││                                                                      ││
││  Ops Channel            ││                                                                      ││
││                          ││                                                                      ││
││                          ││                                                                      ││
││                          ││                                                                      ││
││                          ││                                                                      ││
││                          ││                                                                      ││
││                          ││                                                                      ││
││                          ││                                                                      ││
││                          ││                                                                      ││
││                          ││                                                                      ││
││                          ││                                                                      ││
││                          ││                                                                      ││
││                          ││                                                                      ││
││                          ││                                                                      ││
││                          ││                                                                      ││
││                          ││                                                                      ││
││                          ││                                                                      ││
││                          ││                                                                      ││
││                          ││                                                                      ││
││                          ││                                                                      ││
│╰──────────────────────────╯╰──────────────────────────────────────────────────────────────────────╯│
│╭──────────────────────────────────────────────────────────────────────────────────────────────────╮│
││ open a chat to compose                                                                           ││
│╰──────────────────────────────────────────────────────────────────────────────────────────────────╯│
╰────────────────────────────────────────────────────────────────────────────────────────────────────╯
{
  "0,0": {
    "bgColorMode": 0,
    "bgColor": -1,
    "fgColorMode": 16777216,
    "fgColor": 8,
    "blink": 0,
    "bold": 0,
    "dim": 0,
    "inverse": 0,
    "invisible": 0,
    "italic": 0,
    "overline": 0,
    "strike": 0,
    "underline": 0
  },
  "1,1": {
    "fgColorMode": 0,
    "fgColor": -1
  },
  "3,1": {
    "bold": 134217728
  },
  "11,1": {
    "fgColorMode": 16777216,
    "fgColor": 8,
    "bold": 0
  },
  "55,1": {
    "fgColorMode": 16777216,
    "fgColor": 2
  },
  "56,1": {
    "fgColorMode": 16777216,
    "fgColor": 8
  },
  "73,1": {
    "fgColorMode": 0,
    "fgColor": -1
  },
  "99,1": {
    "fgColorMode": 16777216,
    "fgColor": 8
  },
  "1,4": {
    "bgColorMode": 33554432,
    "bgColor": 235
  },
  "4,4": {
    "fgColorMode": 16777216,
    "fgColor": 6,
    "bold": 134217728
  },
  "26,4": {
    "bgColorMode": 0,
    "bgColor": -1,
    "fgColorMode": 0,
    "fgColor": -1,
    "bold": 0
  },
  "27,4": {
    "fgColorMode": 16777216,
    "fgColor": 8
  },
  "81,4": {
    "fgColorMode": 0,
    "fgColor": -1
  },
  "99,4": {
    "fgColorMode": 16777216,
    "fgColor": 8
  },
  "3,5": {
    "fgColorMode": 0,
    "fgColor": -1
  },
  "27,5": {
    "fgColorMode": 16777216,
    "fgColor": 8
  },
  "29,5": {
    "fgColorMode": 0,
    "fgColor": -1
  },
  "99,5": {
    "fgColorMode": 16777216,
    "fgColor": 8
  },
  "3,6": {
    "fgColorMode": 0,
    "fgColor": -1
  },
  "27,6": {
    "fgColorMode": 16777216,
    "fgColor": 8
  },
  "29,6": {
    "fgColorMode": 0,
    "fgColor": -1
  },
  "99,6": {
    "fgColorMode": 16777216,
    "fgColor": 8
  },
  "1,7": {
    "fgColorMode": 0,
    "fgColor": -1
  },
  "27,7": {
    "fgColorMode": 16777216,
    "fgColor": 8
  },
  "29,7": {
    "fgColorMode": 0,
    "fgColor": -1
  },
  "99,7": {
    "fgColorMode": 16777216,
    "fgColor": 8
  },
  "1,8": {
    "fgColorMode": 0,
    "fgColor": -1
  },
  "27,8": {
    "fgColorMode": 16777216,
    "fgColor": 8
  },
  "29,8": {
    "fgColorMode": 0,
    "fgColor": -1
  },
  "99,8": {
    "fgColorMode": 16777216,
    "fgColor": 8
  },
  "1,9": {
    "fgColorMode": 0,
    "fgColor": -1
  },
  "27,9": {
    "fgColorMode": 16777216,
    "fgColor": 8
  },
  "29,9": {
    "fgColorMode": 0,
    "fgColor": -1
  },
  "99,9": {
    "fgColorMode": 16777216,
    "fgColor": 8
  },
  "1,10": {
    "fgColorMode": 0,
    "fgColor": -1
  },
  "27,10": {
    "fgColorMode": 16777216,
    "fgColor": 8
  },
  "29,10": {
    "fgColorMode": 0,
    "fgColor": -1
  },
  "99,10": {
    "fgColorMode": 16777216,
    "fgColor": 8
  },
  "1,11": {
    "fgColorMode": 0,
    "fgColor": -1
  },
  "27,11": {
    "fgColorMode": 16777216,
    "fgColor": 8
  },
  "29,11": {
    "fgColorMode": 0,
    "fgColor": -1
  },
  "99,11": {
    "fgColorMode": 16777216,
    "fgColor": 8
  },
  "1,12": {
    "fgColorMode": 0,
    "fgColor": -1
  },
  "27,12": {
    "fgColorMode": 16777216,
    "fgColor": 8
  },
  "29,12": {
    "fgColorMode": 0,
    "fgColor": -1
  },
  "99,12": {
    "fgColorMode": 16777216,
    "fgColor": 8
  },
  "1,13": {
    "fgColorMode": 0,
    "fgColor": -1
  },
  "27,13": {
    "fgColorMode": 16777216,
    "fgColor": 8
  },
  "29,13": {
    "fgColorMode": 0,
    "fgColor": -1
  },
  "99,13": {
    "fgColorMode": 16777216,
    "fgColor": 8
  },
  "1,14": {
    "fgColorMode": 0,
    "fgColor": -1
  },
  "27,14": {
    "fgColorMode": 16777216,
    "fgColor": 8
  },
  "29,14": {
    "fgColorMode": 0,
    "fgColor": -1
  },
  "99,14": {
    "fgColorMode": 16777216,
    "fgColor": 8
  },
  "1,15": {
    "fgColorMode": 0,
    "fgColor": -1
  },
  "27,15": {
    "fgColorMode": 16777216,
    "fgColor": 8
  },
  "29,15": {
    "fgColorMode": 0,
    "fgColor": -1
  },
  "99,15": {
    "fgColorMode": 16777216,
    "fgColor": 8
  },
  "1,16": {
    "fgColorMode": 0,
    "fgColor": -1
  },
  "27,16": {
    "fgColorMode": 16777216,
    "fgColor": 8
  },
  "29,16": {
    "fgColorMode": 0,
    "fgColor": -1
  },
  "99,16": {
    "fgColorMode": 16777216,
    "fgColor": 8
  },
  "1,17": {
    "fgColorMode": 0,
    "fgColor": -1
  },
  "27,17": {
    "fgColorMode": 16777216,
    "fgColor": 8
  },
  "29,17": {
    "fgColorMode": 0,
    "fgColor": -1
  },
  "99,17": {
    "fgColorMode": 16777216,
    "fgColor": 8
  },
  "1,18": {
    "fgColorMode": 0,
    "fgColor": -1
  },
  "27,18": {
    "fgColorMode": 16777216,
    "fgColor": 8
  },
  "29,18": {
    "fgColorMode": 0,
    "fgColor": -1
  },
  "99,18": {
    "fgColorMode": 16777216,
    "fgColor": 8
  },
  "1,19": {
    "fgColorMode": 0,
    "fgColor": -1
  },
  "27,19": {
    "fgColorMode": 16777216,
    "fgColor": 8
  },
  "29,19": {
    "fgColorMode": 0,
    "fgColor": -1
  },
  "99,19": {
    "fgColorMode": 16777216,
    "fgColor": 8
  },
  "1,20": {
    "fgColorMode": 0,
    "fgColor": -1
  },
  "27,20": {
    "fgColorMode": 16777216,
    "fgColor": 8
  },
  "29,20": {
    "fgColorMode": 0,
    "fgColor": -1
  },
  "99,20": {
    "fgColorMode": 16777216,
    "fgColor": 8
  },
  "1,21": {
    "fgColorMode": 0,
    "fgColor": -1
  },
  "27,21": {
    "fgColorMode": 16777216,
    "fgColor": 8
  },
  "29,21": {
    "fgColorMode": 0,
    "fgColor": -1
  },
  "99,21": {
    "fgColorMode": 16777216,
    "fgColor": 8
  },
  "1,22": {
    "fgColorMode": 0,
    "fgColor": -1
  },
  "27,22": {
    "fgColorMode": 16777216,
    "fgColor": 8
  },
  "29,22": {
    "fgColorMode": 0,
    "fgColor": -1
  },
  "99,22": {
    "fgColorMode": 16777216,
    "fgColor": 8
  },
  "1,23": {
    "fgColorMode": 0,
    "fgColor": -1
  },
  "27,23": {
    "fgColorMode": 16777216,
    "fgColor": 8
  },
  "29,23": {
    "fgColorMode": 0,
    "fgColor": -1
  },
  "99,23": {
    "fgColorMode": 16777216,
    "fgColor": 8
  },
  "1,24": {
    "fgColorMode": 0,
    "fgColor": -1
  },
  "27,24": {
    "fgColorMode": 16777216,
    "fgColor": 8
  },
  "29,24": {
    "fgColorMode": 0,
    "fgColor": -1
  },
  "99,24": {
    "fgColorMode": 16777216,
    "fgColor": 8
  },
  "1,25": {
    "fgColorMode": 0,
    "fgColor": -1
  },
  "27,25": {
    "fgColorMode": 16777216,
    "fgColor": 8
  },
  "29,25": {
    "fgColorMode": 0,
    "fgColor": -1
  },
  "99,25": {
    "fgColorMode": 16777216,
    "fgColor": 8
  },
  "1,28": {
    "fgColorMode": 0,
    "fgColor": -1
  },
  "2,28": {
    "fgColorMode": 16777216,
    "fgColor": 8
  },
  "24,28": {
    "fgColorMode": 0,
    "fgColor": -1
  },
  "99,28": {
    "fgColorMode": 16777216,
    "fgColor": 8
  }
}
`;

exports[`initial-shell: Ada Byron visible on startup | 1`] = String.raw`
╭────────────────────────────────────────────────────────────────────────────────────────────────────╮
│╭──────────────────────────────────────────────────────────────────────────────────────────────────╮│
││  teaminal · You (example.com) · presence ● ? · graph ● online · 3 chats                          ││
│╰──────────────────────────────────────────────────────────────────────────────────────────────────╯│
│╭──────────────────────────╮╭──────────────────────────────────────────────────────────────────────╮│
││ ◯ Ada Byron              ││Select a chat or channel · Enter to open · q to quit                  ││
││  Design Sync            ││                                                                      ││
││  Ops Channel            ││                                                                      ││
││                          ││                                                                      ││
││                          ││                                                                      ││
││                          ││                                                                      ││
││                          ││                                                                      ││
││                          ││                                                                      ││
││                          ││                                                                      ││
││                          ││                                                                      ││
││                          ││                                                                      ││
││                          ││                                                                      ││
││                          ││                                                                      ││
││                          ││                                                                      ││
││                          ││                                                                      ││
││                          ││                                                                      ││
││                          ││                                                                      ││
││                          ││                                                                      ││
││                          ││                                                                      ││
││                          ││                                                                      ││
││                          ││                                                                      ││
││                          ││                                                                      ││
│╰──────────────────────────╯╰──────────────────────────────────────────────────────────────────────╯│
│╭──────────────────────────────────────────────────────────────────────────────────────────────────╮│
││ open a chat to compose                                                                           ││
│╰──────────────────────────────────────────────────────────────────────────────────────────────────╯│
╰────────────────────────────────────────────────────────────────────────────────────────────────────╯
{
  "0,0": {
    "bgColorMode": 0,
    "bgColor": -1,
    "fgColorMode": 16777216,
    "fgColor": 8,
    "blink": 0,
    "bold": 0,
    "dim": 0,
    "inverse": 0,
    "invisible": 0,
    "italic": 0,
    "overline": 0,
    "strike": 0,
    "underline": 0
  },
  "1,1": {
    "fgColorMode": 0,
    "fgColor": -1
  },
  "3,1": {
    "bold": 134217728
  },
  "11,1": {
    "fgColorMode": 16777216,
    "fgColor": 8,
    "bold": 0
  },
  "55,1": {
    "fgColorMode": 16777216,
    "fgColor": 2
  },
  "56,1": {
    "fgColorMode": 16777216,
    "fgColor": 8
  },
  "73,1": {
    "fgColorMode": 0,
    "fgColor": -1
  },
  "99,1": {
    "fgColorMode": 16777216,
    "fgColor": 8
  },
  "1,4": {
    "bgColorMode": 33554432,
    "bgColor": 235
  },
  "4,4": {
    "fgColorMode": 16777216,
    "fgColor": 6,
    "bold": 134217728
  },
  "26,4": {
    "bgColorMode": 0,
    "bgColor": -1,
    "fgColorMode": 0,
    "fgColor": -1,
    "bold": 0
  },
  "27,4": {
    "fgColorMode": 16777216,
    "fgColor": 8
  },
  "81,4": {
    "fgColorMode": 0,
    "fgColor": -1
  },
  "99,4": {
    "fgColorMode": 16777216,
    "fgColor": 8
  },
  "3,5": {
    "fgColorMode": 0,
    "fgColor": -1
  },
  "27,5": {
    "fgColorMode": 16777216,
    "fgColor": 8
  },
  "29,5": {
    "fgColorMode": 0,
    "fgColor": -1
  },
  "99,5": {
    "fgColorMode": 16777216,
    "fgColor": 8
  },
  "3,6": {
    "fgColorMode": 0,
    "fgColor": -1
  },
  "27,6": {
    "fgColorMode": 16777216,
    "fgColor": 8
  },
  "29,6": {
    "fgColorMode": 0,
    "fgColor": -1
  },
  "99,6": {
    "fgColorMode": 16777216,
    "fgColor": 8
  },
  "1,7": {
    "fgColorMode": 0,
    "fgColor": -1
  },
  "27,7": {
    "fgColorMode": 16777216,
    "fgColor": 8
  },
  "29,7": {
    "fgColorMode": 0,
    "fgColor": -1
  },
  "99,7": {
    "fgColorMode": 16777216,
    "fgColor": 8
  },
  "1,8": {
    "fgColorMode": 0,
    "fgColor": -1
  },
  "27,8": {
    "fgColorMode": 16777216,
    "fgColor": 8
  },
  "29,8": {
    "fgColorMode": 0,
    "fgColor": -1
  },
  "99,8": {
    "fgColorMode": 16777216,
    "fgColor": 8
  },
  "1,9": {
    "fgColorMode": 0,
    "fgColor": -1
  },
  "27,9": {
    "fgColorMode": 16777216,
    "fgColor": 8
  },
  "29,9": {
    "fgColorMode": 0,
    "fgColor": -1
  },
  "99,9": {
    "fgColorMode": 16777216,
    "fgColor": 8
  },
  "1,10": {
    "fgColorMode": 0,
    "fgColor": -1
  },
  "27,10": {
    "fgColorMode": 16777216,
    "fgColor": 8
  },
  "29,10": {
    "fgColorMode": 0,
    "fgColor": -1
  },
  "99,10": {
    "fgColorMode": 16777216,
    "fgColor": 8
  },
  "1,11": {
    "fgColorMode": 0,
    "fgColor": -1
  },
  "27,11": {
    "fgColorMode": 16777216,
    "fgColor": 8
  },
  "29,11": {
    "fgColorMode": 0,
    "fgColor": -1
  },
  "99,11": {
    "fgColorMode": 16777216,
    "fgColor": 8
  },
  "1,12": {
    "fgColorMode": 0,
    "fgColor": -1
  },
  "27,12": {
    "fgColorMode": 16777216,
    "fgColor": 8
  },
  "29,12": {
    "fgColorMode": 0,
    "fgColor": -1
  },
  "99,12": {
    "fgColorMode": 16777216,
    "fgColor": 8
  },
  "1,13": {
    "fgColorMode": 0,
    "fgColor": -1
  },
  "27,13": {
    "fgColorMode": 16777216,
    "fgColor": 8
  },
  "29,13": {
    "fgColorMode": 0,
    "fgColor": -1
  },
  "99,13": {
    "fgColorMode": 16777216,
    "fgColor": 8
  },
  "1,14": {
    "fgColorMode": 0,
    "fgColor": -1
  },
  "27,14": {
    "fgColorMode": 16777216,
    "fgColor": 8
  },
  "29,14": {
    "fgColorMode": 0,
    "fgColor": -1
  },
  "99,14": {
    "fgColorMode": 16777216,
    "fgColor": 8
  },
  "1,15": {
    "fgColorMode": 0,
    "fgColor": -1
  },
  "27,15": {
    "fgColorMode": 16777216,
    "fgColor": 8
  },
  "29,15": {
    "fgColorMode": 0,
    "fgColor": -1
  },
  "99,15": {
    "fgColorMode": 16777216,
    "fgColor": 8
  },
  "1,16": {
    "fgColorMode": 0,
    "fgColor": -1
  },
  "27,16": {
    "fgColorMode": 16777216,
    "fgColor": 8
  },
  "29,16": {
    "fgColorMode": 0,
    "fgColor": -1
  },
  "99,16": {
    "fgColorMode": 16777216,
    "fgColor": 8
  },
  "1,17": {
    "fgColorMode": 0,
    "fgColor": -1
  },
  "27,17": {
    "fgColorMode": 16777216,
    "fgColor": 8
  },
  "29,17": {
    "fgColorMode": 0,
    "fgColor": -1
  },
  "99,17": {
    "fgColorMode": 16777216,
    "fgColor": 8
  },
  "1,18": {
    "fgColorMode": 0,
    "fgColor": -1
  },
  "27,18": {
    "fgColorMode": 16777216,
    "fgColor": 8
  },
  "29,18": {
    "fgColorMode": 0,
    "fgColor": -1
  },
  "99,18": {
    "fgColorMode": 16777216,
    "fgColor": 8
  },
  "1,19": {
    "fgColorMode": 0,
    "fgColor": -1
  },
  "27,19": {
    "fgColorMode": 16777216,
    "fgColor": 8
  },
  "29,19": {
    "fgColorMode": 0,
    "fgColor": -1
  },
  "99,19": {
    "fgColorMode": 16777216,
    "fgColor": 8
  },
  "1,20": {
    "fgColorMode": 0,
    "fgColor": -1
  },
  "27,20": {
    "fgColorMode": 16777216,
    "fgColor": 8
  },
  "29,20": {
    "fgColorMode": 0,
    "fgColor": -1
  },
  "99,20": {
    "fgColorMode": 16777216,
    "fgColor": 8
  },
  "1,21": {
    "fgColorMode": 0,
    "fgColor": -1
  },
  "27,21": {
    "fgColorMode": 16777216,
    "fgColor": 8
  },
  "29,21": {
    "fgColorMode": 0,
    "fgColor": -1
  },
  "99,21": {
    "fgColorMode": 16777216,
    "fgColor": 8
  },
  "1,22": {
    "fgColorMode": 0,
    "fgColor": -1
  },
  "27,22": {
    "fgColorMode": 16777216,
    "fgColor": 8
  },
  "29,22": {
    "fgColorMode": 0,
    "fgColor": -1
  },
  "99,22": {
    "fgColorMode": 16777216,
    "fgColor": 8
  },
  "1,23": {
    "fgColorMode": 0,
    "fgColor": -1
  },
  "27,23": {
    "fgColorMode": 16777216,
    "fgColor": 8
  },
  "29,23": {
    "fgColorMode": 0,
    "fgColor": -1
  },
  "99,23": {
    "fgColorMode": 16777216,
    "fgColor": 8
  },
  "1,24": {
    "fgColorMode": 0,
    "fgColor": -1
  },
  "27,24": {
    "fgColorMode": 16777216,
    "fgColor": 8
  },
  "29,24": {
    "fgColorMode": 0,
    "fgColor": -1
  },
  "99,24": {
    "fgColorMode": 16777216,
    "fgColor": 8
  },
  "1,25": {
    "fgColorMode": 0,
    "fgColor": -1
  },
  "27,25": {
    "fgColorMode": 16777216,
    "fgColor": 8
  },
  "29,25": {
    "fgColorMode": 0,
    "fgColor": -1
  },
  "99,25": {
    "fgColorMode": 16777216,
    "fgColor": 8
  },
  "1,28": {
    "fgColorMode": 0,
    "fgColor": -1
  },
  "2,28": {
    "fgColorMode": 16777216,
    "fgColor": 8
  },
  "24,28": {
    "fgColorMode": 0,
    "fgColor": -1
  },
  "99,28": {
    "fgColorMode": 16777216,
    "fgColor": 8
  }
}
`;

