// TUI Test Snapshot v1

exports[`activity-panel: Ctrl-A opens the Activity overlay | 1`] = String.raw`
╭────────────────────────────────────────────────────────────────────────────────────────────────────╮
││                          ││                                                                      ││
││                          ││                                                                      ││
││                    ╭──────────────────────────────────────────────────────────────────────────────│
│──────╮                                                                                             │
││                    │                                                                              │
│      │                                                                                             │
││                    │   Activity                                                                   │
│      │                                                                                             │
││                    │                                                                              │
│      │                                                                                             │
││                    │   (no activity)                                                              │
│      │                                                                                             │
││                    │                                                                              │
│      │                                                                                             │
││                    │   j/k: move · enter: open · a: mark all read · esc: close                    │
│      │                                                                                             │
││                    │                                                                              │
│      │                                                                                             │
││                    ╰──────────────────────────────────────────────────────────────────────────────│
│──────╯                                                                                             │
││                          ││                                                                      ││
││                          ││                                                                      ││
││                          ││                                                                      ││
││                          ││                                                                      ││
││                          ││                                                                      ││
││                          ││                                                                      ││
│╰──────────────────────────╯╰──────────────────────────────────────────────────────────────────────╯│
│╭──────────────────────────────────────────────────────────────────────────────────────────────────╮│
││ open a chat to compose                                                                           ││
│╰──────────────────────────────────────────────────────────────────────────────────────────────────╯│
╰────────────────────────────────────────────────────────────────────────────────────────────────────╯
{
  "0,9": {
    "bgColorMode": 0,
    "bgColor": -1,
    "fgColorMode": 16777216,
    "fgColor": 8,
    "blink": 0,
    "bold": 0,
    "dim": 0,
    "inverse": 0,
    "invisible": 0,
    "italic": 0,
    "overline": 0,
    "strike": 0,
    "underline": 0
  },
  "1,9": {
    "fgColorMode": 0,
    "fgColor": -1
  },
  "27,9": {
    "fgColorMode": 16777216,
    "fgColor": 8
  },
  "29,9": {
    "fgColorMode": 0,
    "fgColor": -1
  },
  "99,9": {
    "fgColorMode": 16777216,
    "fgColor": 8
  },
  "1,10": {
    "fgColorMode": 0,
    "fgColor": -1
  },
  "27,10": {
    "fgColorMode": 16777216,
    "fgColor": 8
  },
  "29,10": {
    "fgColorMode": 0,
    "fgColor": -1
  },
  "99,10": {
    "fgColorMode": 16777216,
    "fgColor": 8
  },
  "1,11": {
    "fgColorMode": 0,
    "fgColor": -1
  },
  "21,11": {
    "fgColorMode": 16777216,
    "fgColor": 6
  },
  "7,12": {
    "fgColorMode": 0,
    "fgColor": -1
  },
  "0,13": {
    "fgColorMode": 16777216,
    "fgColor": 8
  },
  "1,13": {
    "fgColorMode": 0,
    "fgColor": -1
  },
  "21,13": {
    "fgColorMode": 16777216,
    "fgColor": 6
  },
  "22,13": {
    "bgColorMode": 16777216,
    "bgColor": 0,
    "fgColorMode": 0,
    "fgColor": -1
  },
  "6,14": {
    "bgColorMode": 0,
    "bgColor": -1,
    "fgColorMode": 16777216,
    "fgColor": 6
  },
  "7,14": {
    "fgColorMode": 0,
    "fgColor": -1
  },
  "0,15": {
    "fgColorMode": 16777216,
    "fgColor": 8
  },
  "1,15": {
    "fgColorMode": 0,
    "fgColor": -1
  },
  "21,15": {
    "fgColorMode": 16777216,
    "fgColor": 6
  },
  "22,15": {
    "bgColorMode": 16777216,
    "bgColor": 0,
    "fgColorMode": 0,
    "fgColor": -1
  },
  "25,15": {
    "bold": 134217728
  },
  "33,15": {
    "bold": 0
  },
  "6,16": {
    "bgColorMode": 0,
    "bgColor": -1,
    "fgColorMode": 16777216,
    "fgColor": 6
  },
  "7,16": {
    "fgColorMode": 0,
    "fgColor": -1
  },
  "0,17": {
    "fgColorMode": 16777216,
    "fgColor": 8
  },
  "1,17": {
    "fgColorMode": 0,
    "fgColor": -1
  },
  "21,17": {
    "fgColorMode": 16777216,
    "fgColor": 6
  },
  "22,17": {
    "bgColorMode": 16777216,
    "bgColor": 0,
    "fgColorMode": 0,
    "fgColor": -1
  },
  "6,18": {
    "bgColorMode": 0,
    "bgColor": -1,
    "fgColorMode": 16777216,
    "fgColor": 6
  },
  "7,18": {
    "fgColorMode": 0,
    "fgColor": -1
  },
  "0,19": {
    "fgColorMode": 16777216,
    "fgColor": 8
  },
  "1,19": {
    "fgColorMode": 0,
    "fgColor": -1
  },
  "21,19": {
    "fgColorMode": 16777216,
    "fgColor": 6
  },
  "22,19": {
    "bgColorMode": 16777216,
    "bgColor": 0,
    "fgColorMode": 0,
    "fgColor": -1
  },
  "25,19": {
    "fgColorMode": 16777216,
    "fgColor": 8
  },
  "38,19": {
    "fgColorMode": 0,
    "fgColor": -1
  },
  "6,20": {
    "bgColorMode": 0,
    "bgColor": -1,
    "fgColorMode": 16777216,
    "fgColor": 6
  },
  "7,20": {
    "fgColorMode": 0,
    "fgColor": -1
  },
  "0,21": {
    "fgColorMode": 16777216,
    "fgColor": 8
  },
  "1,21": {
    "fgColorMode": 0,
    "fgColor": -1
  },
  "21,21": {
    "fgColorMode": 16777216,
    "fgColor": 6
  },
  "22,21": {
    "bgColorMode": 16777216,
    "bgColor": 0,
    "fgColorMode": 0,
    "fgColor": -1
  },
  "6,22": {
    "bgColorMode": 0,
    "bgColor": -1,
    "fgColorMode": 16777216,
    "fgColor": 6
  },
  "7,22": {
    "fgColorMode": 0,
    "fgColor": -1
  },
  "0,23": {
    "fgColorMode": 16777216,
    "fgColor": 8
  },
  "1,23": {
    "fgColorMode": 0,
    "fgColor": -1
  },
  "21,23": {
    "fgColorMode": 16777216,
    "fgColor": 6
  },
  "22,23": {
    "bgColorMode": 16777216,
    "bgColor": 0,
    "fgColorMode": 0,
    "fgColor": -1
  },
  "25,23": {
    "fgColorMode": 16777216,
    "fgColor": 8
  },
  "80,23": {
    "fgColorMode": 0,
    "fgColor": -1
  },
  "6,24": {
    "bgColorMode": 0,
    "bgColor": -1,
    "fgColorMode": 16777216,
    "fgColor": 6
  },
  "7,24": {
    "fgColorMode": 0,
    "fgColor": -1
  },
  "0,25": {
    "fgColorMode": 16777216,
    "fgColor": 8
  },
  "1,25": {
    "fgColorMode": 0,
    "fgColor": -1
  },
  "21,25": {
    "fgColorMode": 16777216,
    "fgColor": 6
  },
  "22,25": {
    "bgColorMode": 16777216,
    "bgColor": 0,
    "fgColorMode": 0,
    "fgColor": -1
  },
  "6,26": {
    "bgColorMode": 0,
    "bgColor": -1,
    "fgColorMode": 16777216,
    "fgColor": 6
  },
  "7,26": {
    "fgColorMode": 0,
    "fgColor": -1
  },
  "0,27": {
    "fgColorMode": 16777216,
    "fgColor": 8
  },
  "1,27": {
    "fgColorMode": 0,
    "fgColor": -1
  },
  "21,27": {
    "fgColorMode": 16777216,
    "fgColor": 6
  },
  "7,28": {
    "fgColorMode": 0,
    "fgColor": -1
  },
  "0,29": {
    "fgColorMode": 16777216,
    "fgColor": 8
  },
  "1,29": {
    "fgColorMode": 0,
    "fgColor": -1
  },
  "27,29": {
    "fgColorMode": 16777216,
    "fgColor": 8
  },
  "29,29": {
    "fgColorMode": 0,
    "fgColor": -1
  },
  "99,29": {
    "fgColorMode": 16777216,
    "fgColor": 8
  },
  "1,30": {
    "fgColorMode": 0,
    "fgColor": -1
  },
  "27,30": {
    "fgColorMode": 16777216,
    "fgColor": 8
  },
  "29,30": {
    "fgColorMode": 0,
    "fgColor": -1
  },
  "99,30": {
    "fgColorMode": 16777216,
    "fgColor": 8
  },
  "1,31": {
    "fgColorMode": 0,
    "fgColor": -1
  },
  "27,31": {
    "fgColorMode": 16777216,
    "fgColor": 8
  },
  "29,31": {
    "fgColorMode": 0,
    "fgColor": -1
  },
  "99,31": {
    "fgColorMode": 16777216,
    "fgColor": 8
  },
  "1,32": {
    "fgColorMode": 0,
    "fgColor": -1
  },
  "27,32": {
    "fgColorMode": 16777216,
    "fgColor": 8
  },
  "29,32": {
    "fgColorMode": 0,
    "fgColor": -1
  },
  "99,32": {
    "fgColorMode": 16777216,
    "fgColor": 8
  },
  "1,33": {
    "fgColorMode": 0,
    "fgColor": -1
  },
  "27,33": {
    "fgColorMode": 16777216,
    "fgColor": 8
  },
  "29,33": {
    "fgColorMode": 0,
    "fgColor": -1
  },
  "99,33": {
    "fgColorMode": 16777216,
    "fgColor": 8
  },
  "1,34": {
    "fgColorMode": 0,
    "fgColor": -1
  },
  "27,34": {
    "fgColorMode": 16777216,
    "fgColor": 8
  },
  "29,34": {
    "fgColorMode": 0,
    "fgColor": -1
  },
  "99,34": {
    "fgColorMode": 16777216,
    "fgColor": 8
  },
  "1,37": {
    "fgColorMode": 0,
    "fgColor": -1
  },
  "2,37": {
    "fgColorMode": 16777216,
    "fgColor": 8
  },
  "24,37": {
    "fgColorMode": 0,
    "fgColor": -1
  },
  "99,37": {
    "fgColorMode": 16777216,
    "fgColor": 8
  }
}
`;

exports[`composer-active: Enter opens a chat and Tab focuses the composer | 1`] = String.raw`
╭────────────────────────────────────────────────────────────────────────────────────────────────────╮
│╭──────────────────────────────────────────────────────────────────────────────────────────────────╮│
││  teaminal · You (example.com) · presence ● ? · graph ● online · 3 chats                          ││
│╰──────────────────────────────────────────────────────────────────────────────────────────────────╯│
│╭──────────────────────────╮╭──────────────────────────────────────────────────────────────────────╮│
││ ◯ Ada Byron              ││ Older history unavailable until poller pagination is wired           ││
││  Design Sync            ││ Yesterday                                                            ││
││  Ops Channel            ││ 09:00 You       I will read them now.                                ││
││                          ││ 09:01 Ada Byron The launch notes are ready for review.               ││
││                          ││                                                                      ││
││                          ││                                                                      ││
││                          ││                                                                      ││
││                          ││                                                                      ││
││                          ││                                                                      ││
││                          ││                                                                      ││
││                          ││                                                                      ││
││                          ││                                                                      ││
││                          ││                                                                      ││
││                          ││                                                                      ││
││                          ││                                                                      ││
││                          ││                                                                      ││
││                          ││                                                                      ││
││                          ││                                                                      ││
││                          ││                                                                      ││
││                          ││                                                                      ││
││                          ││                                                                      ││
││                          ││                                                                      ││
│╰──────────────────────────╯╰──────────────────────────────────────────────────────────────────────╯│
│╭──────────────────────────────────────────────────────────────────────────────────────────────────╮│
││ > █                                                                                              ││
│╰──────────────────────────────────────────────────────────────────────────────────────────────────╯│
╰────────────────────────────────────────────────────────────────────────────────────────────────────╯
{
  "0,0": {
    "bgColorMode": 0,
    "bgColor": -1,
    "fgColorMode": 16777216,
    "fgColor": 8,
    "blink": 0,
    "bold": 0,
    "dim": 0,
    "inverse": 0,
    "invisible": 0,
    "italic": 0,
    "overline": 0,
    "strike": 0,
    "underline": 0
  },
  "1,1": {
    "fgColorMode": 0,
    "fgColor": -1
  },
  "3,1": {
    "bold": 134217728
  },
  "11,1": {
    "fgColorMode": 16777216,
    "fgColor": 8,
    "bold": 0
  },
  "55,1": {
    "fgColorMode": 16777216,
    "fgColor": 2
  },
  "56,1": {
    "fgColorMode": 16777216,
    "fgColor": 8
  },
  "73,1": {
    "fgColorMode": 0,
    "fgColor": -1
  },
  "99,1": {
    "fgColorMode": 16777216,
    "fgColor": 8
  },
  "1,4": {
    "bgColorMode": 33554432,
    "bgColor": 235
  },
  "4,4": {
    "fgColorMode": 16777216,
    "fgColor": 6,
    "bold": 134217728
  },
  "26,4": {
    "bgColorMode": 0,
    "bgColor": -1,
    "fgColorMode": 0,
    "fgColor": -1,
    "bold": 0
  },
  "27,4": {
    "fgColorMode": 16777216,
    "fgColor": 8
  },
  "29,4": {
    "fgColorMode": 0,
    "fgColor": -1
  },
  "30,4": {
    "fgColorMode": 16777216,
    "fgColor": 8
  },
  "88,4": {
    "fgColorMode": 0,
    "fgColor": -1
  },
  "99,4": {
    "fgColorMode": 16777216,
    "fgColor": 8
  },
  "3,5": {
    "fgColorMode": 0,
    "fgColor": -1
  },
  "27,5": {
    "fgColorMode": 16777216,
    "fgColor": 8
  },
  "29,5": {
    "fgColorMode": 0,
    "fgColor": -1
  },
  "30,5": {
    "fgColorMode": 16777216,
    "fgColor": 8,
    "bold": 134217728
  },
  "39,5": {
    "fgColorMode": 0,
    "fgColor": -1,
    "bold": 0
  },
  "99,5": {
    "fgColorMode": 16777216,
    "fgColor": 8
  },
  "3,6": {
    "fgColorMode": 0,
    "fgColor": -1
  },
  "27,6": {
    "fgColorMode": 16777216,
    "fgColor": 8
  },
  "29,6": {
    "fgColorMode": 0,
    "fgColor": -1
  },
  "30,6": {
    "fgColorMode": 16777216,
    "fgColor": 8
  },
  "36,6": {
    "fgColorMode": 16777216,
    "fgColor": 4,
    "bold": 134217728
  },
  "46,6": {
    "bold": 0
  },
  "67,6": {
    "fgColorMode": 0,
    "fgColor": -1
  },
  "99,6": {
    "fgColorMode": 16777216,
    "fgColor": 8
  },
  "1,7": {
    "fgColorMode": 0,
    "fgColor": -1
  },
  "27,7": {
    "fgColorMode": 16777216,
    "fgColor": 8
  },
  "29,7": {
    "fgColorMode": 0,
    "fgColor": -1
  },
  "30,7": {
    "fgColorMode": 16777216,
    "fgColor": 8
  },
  "36,7": {
    "fgColorMode": 0,
    "fgColor": -1,
    "bold": 134217728
  },
  "46,7": {
    "bold": 0
  },
  "99,7": {
    "fgColorMode": 16777216,
    "fgColor": 8
  },
  "1,8": {
    "fgColorMode": 0,
    "fgColor": -1
  },
  "27,8": {
    "fgColorMode": 16777216,
    "fgColor": 8
  },
  "29,8": {
    "fgColorMode": 0,
    "fgColor": -1
  },
  "99,8": {
    "fgColorMode": 16777216,
    "fgColor": 8
  },
  "1,9": {
    "fgColorMode": 0,
    "fgColor": -1
  },
  "27,9": {
    "fgColorMode": 16777216,
    "fgColor": 8
  },
  "29,9": {
    "fgColorMode": 0,
    "fgColor": -1
  },
  "99,9": {
    "fgColorMode": 16777216,
    "fgColor": 8
  },
  "1,10": {
    "fgColorMode": 0,
    "fgColor": -1
  },
  "27,10": {
    "fgColorMode": 16777216,
    "fgColor": 8
  },
  "29,10": {
    "fgColorMode": 0,
    "fgColor": -1
  },
  "99,10": {
    "fgColorMode": 16777216,
    "fgColor": 8
  },
  "1,11": {
    "fgColorMode": 0,
    "fgColor": -1
  },
  "27,11": {
    "fgColorMode": 16777216,
    "fgColor": 8
  },
  "29,11": {
    "fgColorMode": 0,
    "fgColor": -1
  },
  "99,11": {
    "fgColorMode": 16777216,
    "fgColor": 8
  },
  "1,12": {
    "fgColorMode": 0,
    "fgColor": -1
  },
  "27,12": {
    "fgColorMode": 16777216,
    "fgColor": 8
  },
  "29,12": {
    "fgColorMode": 0,
    "fgColor": -1
  },
  "99,12": {
    "fgColorMode": 16777216,
    "fgColor": 8
  },
  "1,13": {
    "fgColorMode": 0,
    "fgColor": -1
  },
  "27,13": {
    "fgColorMode": 16777216,
    "fgColor": 8
  },
  "29,13": {
    "fgColorMode": 0,
    "fgColor": -1
  },
  "99,13": {
    "fgColorMode": 16777216,
    "fgColor": 8
  },
  "1,14": {
    "fgColorMode": 0,
    "fgColor": -1
  },
  "27,14": {
    "fgColorMode": 16777216,
    "fgColor": 8
  },
  "29,14": {
    "fgColorMode": 0,
    "fgColor": -1
  },
  "99,14": {
    "fgColorMode": 16777216,
    "fgColor": 8
  },
  "1,15": {
    "fgColorMode": 0,
    "fgColor": -1
  },
  "27,15": {
    "fgColorMode": 16777216,
    "fgColor": 8
  },
  "29,15": {
    "fgColorMode": 0,
    "fgColor": -1
  },
  "99,15": {
    "fgColorMode": 16777216,
    "fgColor": 8
  },
  "1,16": {
    "fgColorMode": 0,
    "fgColor": -1
  },
  "27,16": {
    "fgColorMode": 16777216,
    "fgColor": 8
  },
  "29,16": {
    "fgColorMode": 0,
    "fgColor": -1
  },
  "99,16": {
    "fgColorMode": 16777216,
    "fgColor": 8
  },
  "1,17": {
    "fgColorMode": 0,
    "fgColor": -1
  },
  "27,17": {
    "fgColorMode": 16777216,
    "fgColor": 8
  },
  "29,17": {
    "fgColorMode": 0,
    "fgColor": -1
  },
  "99,17": {
    "fgColorMode": 16777216,
    "fgColor": 8
  },
  "1,18": {
    "fgColorMode": 0,
    "fgColor": -1
  },
  "27,18": {
    "fgColorMode": 16777216,
    "fgColor": 8
  },
  "29,18": {
    "fgColorMode": 0,
    "fgColor": -1
  },
  "99,18": {
    "fgColorMode": 16777216,
    "fgColor": 8
  },
  "1,19": {
    "fgColorMode": 0,
    "fgColor": -1
  },
  "27,19": {
    "fgColorMode": 16777216,
    "fgColor": 8
  },
  "29,19": {
    "fgColorMode": 0,
    "fgColor": -1
  },
  "99,19": {
    "fgColorMode": 16777216,
    "fgColor": 8
  },
  "1,20": {
    "fgColorMode": 0,
    "fgColor": -1
  },
  "27,20": {
    "fgColorMode": 16777216,
    "fgColor": 8
  },
  "29,20": {
    "fgColorMode": 0,
    "fgColor": -1
  },
  "99,20": {
    "fgColorMode": 16777216,
    "fgColor": 8
  },
  "1,21": {
    "fgColorMode": 0,
    "fgColor": -1
  },
  "27,21": {
    "fgColorMode": 16777216,
    "fgColor": 8
  },
  "29,21": {
    "fgColorMode": 0,
    "fgColor": -1
  },
  "99,21": {
    "fgColorMode": 16777216,
    "fgColor": 8
  },
  "1,22": {
    "fgColorMode": 0,
    "fgColor": -1
  },
  "27,22": {
    "fgColorMode": 16777216,
    "fgColor": 8
  },
  "29,22": {
    "fgColorMode": 0,
    "fgColor": -1
  },
  "99,22": {
    "fgColorMode": 16777216,
    "fgColor": 8
  },
  "1,23": {
    "fgColorMode": 0,
    "fgColor": -1
  },
  "27,23": {
    "fgColorMode": 16777216,
    "fgColor": 8
  },
  "29,23": {
    "fgColorMode": 0,
    "fgColor": -1
  },
  "99,23": {
    "fgColorMode": 16777216,
    "fgColor": 8
  },
  "1,24": {
    "fgColorMode": 0,
    "fgColor": -1
  },
  "27,24": {
    "fgColorMode": 16777216,
    "fgColor": 8
  },
  "29,24": {
    "fgColorMode": 0,
    "fgColor": -1
  },
  "99,24": {
    "fgColorMode": 16777216,
    "fgColor": 8
  },
  "1,25": {
    "fgColorMode": 0,
    "fgColor": -1
  },
  "27,25": {
    "fgColorMode": 16777216,
    "fgColor": 8
  },
  "29,25": {
    "fgColorMode": 0,
    "fgColor": -1
  },
  "99,25": {
    "fgColorMode": 16777216,
    "fgColor": 8
  },
  "1,28": {
    "fgColorMode": 0,
    "fgColor": -1
  },
  "4,28": {
    "fgColorMode": 16777216,
    "fgColor": 6
  },
  "5,28": {
    "fgColorMode": 0,
    "fgColor": -1
  },
  "99,28": {
    "fgColorMode": 16777216,
    "fgColor": 8
  }
}
`;

